src/modules/transactions/application/use-cases/CreateTransactionUseCase.ts(24,39): error TS1272: A type referenced in a decorated signature must be imported with 'import type' or a namespace import when 'isolatedModules' and 'emitDecoratorMetadata' are enabled.
src/modules/transactions/infrastructure/controllers/transactions.controller.ts(23,63): error TS1272: A type referenced in a decorated signature must be imported with 'import type' or a namespace import when 'isolatedModules' and 'emitDecoratorMetadata' are enabled.
src/modules/transactions/transactions.module.ts(2,30): error TS2307: Cannot find module '../../../prisma/prisma.module' or its corresponding type declarations.
